Microchip MPLAB XC8 Compiler V2.32

Linker command line:

-W-3 --edf=C:\Program Files\Microchip\xc8\v2.32\pic\dat\en_msgs.txt -cn \
  -h+dist/default/production\CofreBomba.X.production.sym \
  --cmf=dist/default/production\CofreBomba.X.production.cmf -z -Q18F4520 \
  -oC:\Users\Patri\AppData\Local\Temp\xcAsei0.4 --defsym=__MPLAB_BUILD=1 \
  -Mdist/default/production/CofreBomba.X.production.map -E1 \
  -ver=XC8 Compiler --acfsm=1493 -ASTACK=080h-05FFh -pstack=STACK \
  -ACODE=00h-07FFFh -ACONST=00h-07FFFh -ASMALLCONST=0600h-06FFhx122 \
  -AMEDIUMCONST=0600h-07FFFh -ACOMRAM=01h-07Fh -AABS1=00h-05FFh \
  -ABIGRAM=01h-05FFh -ARAM=080h-0FFh,0100h-01FFhx5 -ABANK0=080h-0FFh \
  -ABANK1=0100h-01FFh -ABANK2=0200h-02FFh -ABANK3=0300h-03FFh \
  -ABANK4=0400h-04FFh -ABANK5=0500h-05FFh -ASFR=0F80h-0FFFh \
  -ACONFIG=0300000h-030000Dh -AIDLOC=0200000h-0200007h \
  -AEEDATA=0F00000h-0F000FFh -peeprom_data=EEDATA \
  -preset_vec=00h,intcode,intcodelo,powerup,init -pramtop=0600h \
  -psmallconst=SMALLCONST -pmediumconst=MEDIUMCONST -pconst=CONST \
  -AFARRAM=00h-00h \
  -prdata=COMRAM,nvrram=COMRAM,nvbit=COMRAM,rbss=COMRAM,rbit=COMRAM \
  -pfarbss=FARRAM,fardata=FARRAM,nvFARRAM=FARRAM \
  -pintsave_regs=BIGRAM,bigbss=BIGRAM,bigdata=BIGRAM -pbss=RAM \
  -pidata=CODE,irdata=CODE,ibigdata=CODE,ifardata=CODE -prparam=COMRAM \
  C:\Users\Patri\AppData\Local\Temp\xcAsei0.o \
  dist/default/production\CofreBomba.X.production.o 

Object code version is 3.11

Machine type is 18F4520



                Name                               Link     Load   Length Selector   Space Scale
C:\Users\Patri\AppData\Local\Temp\xcAsei0.o
                idloc                            200000   200000        8        0       5
                config                           300000   300000        E        0       4
                init                                  0        0        4        0       0
dist/default/production\CofreBomba.X.production.o
                idloc                            200000   200000        8        0       5
                config                           300000   300000        E        0       4
                smallconst                          600      600       86      300       0
                text42                             195E     195E       64      343       0
                text41                              E3C      E3C      16A      343       0
                text40                              8D4      8D4      24E      343       0
                text39                             1CB8     1CB8       2A      343       0
                text38                             1C8E     1C8E       2A      343       0
                text37                             1B20     1B20       4E      343       0
                text36                             1102     1102      136      343       0
                text35                             1DF2     1DF2        A      343       0
                text34                             16D2     16D2       78      343       0
                text33                             1C5E     1C5E       30      343       0
                text32                             1E04     1E04        2      343       0
                text31                             1B6E     1B6E       42      343       0
                text30                             19C2     19C2       5A      343       0
                text29                             1D94     1D94       1E      343       0
                text28                             1D76     1D76       1E      343       0
                text27                             1ACA     1ACA       56      343       0
                text26                             1892     1892       68      343       0
                text25                             182A     182A       68      343       0
                text24                              FA6      FA6      15C      343       0
                text23                             1416     1416       C4      343       0
                text22                             158E     158E       B0      343       0
                text21                             18FA     18FA       64      343       0
                text20                             1238     1238      10C      343       0
                text19                             1D2E     1D2E       26      343       0
                text18                             174A     174A       74      343       0
                text17                             1D08     1D08       26      343       0
                text16                             17BE     17BE       6C      343       0
                text15                             1A1C     1A1C       58      343       0
                text14                              CD0      CD0      16C      343       0
                text13                              B22      B22      1AE      343       0
                text12                              686      686      24E      343       0
                text11                             1BEE     1BEE       3E      343       0
                text10                             1C2C     1C2C       32      343       0
                text9                              1CE2     1CE2       26      343       0
                text8                              14DA     14DA       B4      343       0
                text7                              1DB2     1DB2       1A      343       0
                text6                              1BB0     1BB0       3E      343       0
                text5                              163E     163E       94      343       0
                text4                              1A74     1A74       56      343       0
                text3                              1DFC     1DFC        8      343       0
                text2                              1D54     1D54       22      343       0
                text1                              1DE2     1DE2       10      343       0
                text0                              1344     1344       D2      343       0
                cstackCOMRAM                         1F       1F       1E        1       1
                bssCOMRAM                             1        1       1E        1       1
                cinit                              1DCC     1DCC       16      343       0

TOTAL           Name                               Link     Load   Length     Space
        CLASS   STACK          

        CLASS   CODE           
                init                                  0        0        4         0
                text42                             195E     195E       64         0
                text41                              E3C      E3C      16A         0
                text40                              8D4      8D4      24E         0
                text39                             1CB8     1CB8       2A         0
                text38                             1C8E     1C8E       2A         0
                text37                             1B20     1B20       4E         0
                text36                             1102     1102      136         0
                text35                             1DF2     1DF2        A         0
                text34                             16D2     16D2       78         0
                text33                             1C5E     1C5E       30         0
                text32                             1E04     1E04        2         0
                text31                             1B6E     1B6E       42         0
                text30                             19C2     19C2       5A         0
                text29                             1D94     1D94       1E         0
                text28                             1D76     1D76       1E         0
                text27                             1ACA     1ACA       56         0
                text26                             1892     1892       68         0
                text25                             182A     182A       68         0
                text24                              FA6      FA6      15C         0
                text23                             1416     1416       C4         0
                text22                             158E     158E       B0         0
                text21                             18FA     18FA       64         0
                text20                             1238     1238      10C         0
                text19                             1D2E     1D2E       26         0
                text18                             174A     174A       74         0
                text17                             1D08     1D08       26         0
                text16                             17BE     17BE       6C         0
                text15                             1A1C     1A1C       58         0
                text14                              CD0      CD0      16C         0
                text13                              B22      B22      1AE         0
                text12                              686      686      24E         0
                text11                             1BEE     1BEE       3E         0
                text10                             1C2C     1C2C       32         0
                text9                              1CE2     1CE2       26         0
                text8                              14DA     14DA       B4         0
                text7                              1DB2     1DB2       1A         0
                text6                              1BB0     1BB0       3E         0
                text5                              163E     163E       94         0
                text4                              1A74     1A74       56         0
                text3                              1DFC     1DFC        8         0
                text2                              1D54     1D54       22         0
                text1                              1DE2     1DE2       10         0
                text0                              1344     1344       D2         0
                cinit                              1DCC     1DCC       16         0

        CLASS   CONST          

        CLASS   SMALLCONST     
                smallconst                          600      600       86         0

        CLASS   MEDIUMCONST    

        CLASS   COMRAM         
                cstackCOMRAM                         1F       1F       1E         1
                bssCOMRAM                             1        1       1E         1

        CLASS   ABS1           

        CLASS   BIGRAM         

        CLASS   RAM            

        CLASS   BANK0          

        CLASS   BANK1          

        CLASS   BANK2          

        CLASS   BANK3          

        CLASS   BANK4          

        CLASS   BANK5          

        CLASS   SFR            

        CLASS   CONFIG         
                config                           300000   300000        E         4

        CLASS   IDLOC          
                idloc                            200000   200000        8         5

        CLASS   EEDATA         

        CLASS   FARRAM         



SEGMENTS        Name                           Load    Length   Top    Selector   Space  Class

                reset_vec                      000000  000004  000004         0       0  CODE    
                bssCOMRAM                      000001  00003C  00003D         1       1  COMRAM  
                smallconst                     000600  000086  000686       300       0  SMALLCON
                text12                         000686  001780  001E06       343       0  CODE    


UNUSED ADDRESS RANGES

        Name                Unused          Largest block    Delta
        BANK0            000080-0000FF               80
        BANK1            000100-0001FF              100
        BANK2            000200-0002FF              100
        BANK3            000300-0003FF              100
        BANK4            000400-0004FF              100
        BANK5            000500-0005FF              100
        BIGRAM           00003D-0005FF              5C3
        CODE             000004-0005FF              5FC
                         001E06-007FFF             61FA
        COMRAM           00003D-00007F               43
        CONST            000004-0005FF              5FC
                         001E06-007FFF             61FA
        EEDATA           F00000-F000FF              100
        MEDIUMCONST      001E06-007FFF             61FA
        RAM              000080-0005FF              100
        SFR              000F80-000FFF               80
        SMALLCONST       001E06-007FFF              100
        STACK            000080-0005FF              580

                                  Symbol Table

?___aldiv                cstackCOMRAM 00001F
?___awdiv                cstackCOMRAM 00001F
?___awmod                cstackCOMRAM 000027
?___lwdiv                cstackCOMRAM 00001F
?___lwmod                cstackCOMRAM 000026
?___wmul                 cstackCOMRAM 00001F
?_digitalRead            cstackCOMRAM 00001F
?_kpRead                 cstackCOMRAM 00001F
_ADCON1                  (abs)        000FC1
_CCP2CON                 (abs)        000FBA
_CCPR2L                  (abs)        000FBB
_INTCON                  (abs)        000FF2
_PORTA                   (abs)        000F80
_PORTB                   (abs)        000F81
_PORTC                   (abs)        000F82
_PORTD                   (abs)        000F83
_PORTE                   (abs)        000F84
_PR2                     (abs)        000FCB
_PulseClockData          text39       001CB8
_PulseEnClock            text38       001C8E
_T0CON                   (abs)        000FD5
_T2CON                   (abs)        000FCA
_TMR0H                   (abs)        000FD7
_TMR0L                   (abs)        000FD6
_TRISA                   (abs)        000F92
_TRISB                   (abs)        000F93
_TRISC                   (abs)        000F94
_TRISD                   (abs)        000F95
_TRISE                   (abs)        000F96
__HRAM                   (abs)        000000
__Habs1                  abs1         000000
__Hbank0                 bank0        000000
__Hbank1                 bank1        000000
__Hbank2                 bank2        000000
__Hbank3                 bank3        000000
__Hbank4                 bank4        000000
__Hbank5                 bank5        000000
__Hbigbss                bigbss       000000
__Hbigdata               bigdata      000000
__Hbigram                bigram       000000
__Hbss                   bss          000000
__HbssCOMRAM             bssCOMRAM    000000
__Hcinit                 cinit        000000
__Hclrtext               clrtext      000000
__Hcomram                comram       000000
__Hconfig                config       30000E
__Hconst                 const        000000
__HcstackCOMRAM          cstackCOMRAM 000000
__Hdata                  data         000000
__Heeprom_data           eeprom_data  000000
__Hfarbss                farbss       000000
__Hfardata               fardata      000000
__Hibigdata              ibigdata     000000
__Hidata                 idata        000000
__Hidloc                 idloc        200008
__Hifardata              ifardata     000000
__Hinit                  init         000004
__Hintcode               intcode      000000
__Hintcode_body          intcode_body 000000
__Hintcodelo             intcodelo    000000
__Hintentry              intentry     000000
__Hintret                intret       000000
__Hintsave_regs          intsave_regs 000000
__Hirdata                irdata       000000
__Hmediumconst           mediumconst  000000
__HnvFARRAM              nvFARRAM     000000
__Hnvbit                 nvbit        000000
__Hnvrram                nvrram       000000
__Hparam                 rparam       000000
__Hpowerup               powerup      000000
__Hram                   ram          000000
__Hramtop                ramtop       000600
__Hrbit                  rbit         000000
__Hrbss                  rbss         000000
__Hrdata                 rdata        000000
__Hreset_vec             reset_vec    000000
__Hrparam                rparam       000000
__Hsfr                   sfr          000000
__Hsmallconst            smallconst   000686
__Hspace_0               (abs)        001E06
__Hspace_1               (abs)        00003D
__Hspace_2               (abs)        000000
__Hspace_4               (abs)        60000E
__Hstack                 stack        000000
__Hstruct                struct       000000
__Htemp                  temp         000000
__Htext                  text         000000
__Htext0                 text0        000000
__Htext1                 text1        000000
__Htext10                text10       000000
__Htext11                text11       000000
__Htext12                text12       000000
__Htext13                text13       000000
__Htext14                text14       000000
__Htext15                text15       000000
__Htext16                text16       000000
__Htext17                text17       000000
__Htext18                text18       000000
__Htext19                text19       000000
__Htext2                 text2        000000
__Htext20                text20       000000
__Htext21                text21       000000
__Htext22                text22       000000
__Htext23                text23       000000
__Htext24                text24       000000
__Htext25                text25       000000
__Htext26                text26       000000
__Htext27                text27       000000
__Htext28                text28       000000
__Htext29                text29       000000
__Htext3                 text3        000000
__Htext30                text30       000000
__Htext31                text31       000000
__Htext32                text32       000000
__Htext33                text33       000000
__Htext34                text34       000000
__Htext35                text35       000000
__Htext36                text36       000000
__Htext37                text37       000000
__Htext38                text38       000000
__Htext39                text39       000000
__Htext4                 text4        000000
__Htext40                text40       000000
__Htext41                text41       000000
__Htext42                text42       000000
__Htext5                 text5        000000
__Htext6                 text6        000000
__Htext7                 text7        000000
__Htext8                 text8        000000
__Htext9                 text9        000000
__LRAM                   (abs)        000001
__Labs1                  abs1         000000
__Lbank0                 bank0        000000
__Lbank1                 bank1        000000
__Lbank2                 bank2        000000
__Lbank3                 bank3        000000
__Lbank4                 bank4        000000
__Lbank5                 bank5        000000
__Lbigbss                bigbss       000000
__Lbigdata               bigdata      000000
__Lbigram                bigram       000000
__Lbss                   bss          000000
__LbssCOMRAM             bssCOMRAM    000000
__Lcinit                 cinit        000000
__Lclrtext               clrtext      000000
__Lcomram                comram       000000
__Lconfig                config       000000
__Lconst                 const        000000
__LcstackCOMRAM          cstackCOMRAM 000000
__Ldata                  data         000000
__Leeprom_data           eeprom_data  000000
__Lfarbss                farbss       000000
__Lfardata               fardata      000000
__Libigdata              ibigdata     000000
__Lidata                 idata        000000
__Lidloc                 idloc        000000
__Lifardata              ifardata     000000
__Linit                  init         000000
__Lintcode               intcode      000000
__Lintcode_body          intcode_body 000000
__Lintcodelo             intcodelo    000000
__Lintentry              intentry     000000
__Lintret                intret       000000
__Lintsave_regs          intsave_regs 000000
__Lirdata                irdata       000000
__Lmediumconst           mediumconst  000000
__LnvFARRAM              nvFARRAM     000000
__Lnvbit                 nvbit        000000
__Lnvrram                nvrram       000000
__Lparam                 rparam       000000
__Lpowerup               powerup      000000
__Lram                   ram          000000
__Lramtop                ramtop       000600
__Lrbit                  rbit         000000
__Lrbss                  rbss         000000
__Lrdata                 rdata        000000
__Lreset_vec             reset_vec    000000
__Lrparam                rparam       000000
__Lsfr                   sfr          000000
__Lsmallconst            smallconst   000600
__Lspace_0               (abs)        000000
__Lspace_1               (abs)        000000
__Lspace_2               (abs)        000000
__Lspace_4               (abs)        000000
__Lstack                 stack        000000
__Lstruct                struct       000000
__Ltemp                  temp         000000
__Ltext                  text         000000
__Ltext0                 text0        000000
__Ltext1                 text1        000000
__Ltext10                text10       000000
__Ltext11                text11       000000
__Ltext12                text12       000000
__Ltext13                text13       000000
__Ltext14                text14       000000
__Ltext15                text15       000000
__Ltext16                text16       000000
__Ltext17                text17       000000
__Ltext18                text18       000000
__Ltext19                text19       000000
__Ltext2                 text2        000000
__Ltext20                text20       000000
__Ltext21                text21       000000
__Ltext22                text22       000000
__Ltext23                text23       000000
__Ltext24                text24       000000
__Ltext25                text25       000000
__Ltext26                text26       000000
__Ltext27                text27       000000
__Ltext28                text28       000000
__Ltext29                text29       000000
__Ltext3                 text3        000000
__Ltext30                text30       000000
__Ltext31                text31       000000
__Ltext32                text32       000000
__Ltext33                text33       000000
__Ltext34                text34       000000
__Ltext35                text35       000000
__Ltext36                text36       000000
__Ltext37                text37       000000
__Ltext38                text38       000000
__Ltext39                text39       000000
__Ltext4                 text4        000000
__Ltext40                text40       000000
__Ltext41                text41       000000
__Ltext42                text42       000000
__Ltext5                 text5        000000
__Ltext6                 text6        000000
__Ltext7                 text7        000000
__Ltext8                 text8        000000
__Ltext9                 text9        000000
__S0                     (abs)        001E06
__S1                     (abs)        00003D
__S2                     (abs)        000000
__S4                     (abs)        000000
__S5                     (abs)        000000
___aldiv                 text20       001238
___aldiv@counter         cstackCOMRAM 000027
___aldiv@dividend        cstackCOMRAM 00001F
___aldiv@divisor         cstackCOMRAM 000023
___aldiv@quotient        cstackCOMRAM 000029
___aldiv@sign            cstackCOMRAM 000028
___awdiv                 text23       001416
___awdiv@counter         cstackCOMRAM 000023
___awdiv@dividend        cstackCOMRAM 00001F
___awdiv@divisor         cstackCOMRAM 000021
___awdiv@quotient        cstackCOMRAM 000025
___awdiv@sign            cstackCOMRAM 000024
___awmod                 text22       00158E
___awmod@counter         cstackCOMRAM 00002B
___awmod@dividend        cstackCOMRAM 000027
___awmod@divisor         cstackCOMRAM 000029
___awmod@sign            cstackCOMRAM 00002C
___inthi_sp              stack        000000
___intlo_sp              stack        000000
___lwdiv                 text18       00174A
___lwdiv@counter         cstackCOMRAM 000025
___lwdiv@dividend        cstackCOMRAM 00001F
___lwdiv@divisor         cstackCOMRAM 000021
___lwdiv@quotient        cstackCOMRAM 000023
___lwmod                 text21       0018FA
___lwmod@counter         cstackCOMRAM 00002A
___lwmod@dividend        cstackCOMRAM 000026
___lwmod@divisor         cstackCOMRAM 000028
___param_bank            (abs)        000000
___rparam_used           (abs)        000001
___sp                    stack        000000
___wmul                  text17       001D08
___wmul@multiplicand     cstackCOMRAM 000021
___wmul@multiplier       cstackCOMRAM 00001F
___wmul@product          cstackCOMRAM 000023
__accesstop              (abs)        000080
__activetblptr           (abs)        000002
__end_of_PulseClockData  text39       001CE2
__end_of_PulseEnClock    text38       001CB8
__end_of___aldiv         text20       001344
__end_of___awdiv         text23       0014DA
__end_of___awmod         text22       00163E
__end_of___lwdiv         text18       0017BE
__end_of___lwmod         text21       00195E
__end_of___wmul          text17       001D2E
__end_of__initialization cinit        001DD8
__end_of_atraso_ms       text42       0019C2
__end_of_charKey         smallconst   00061C
__end_of_checkPassword   text24       001102
__end_of_delayMicro      text32       001E06
__end_of_delayMili       text33       001C8E
__end_of_digitalRead     text41       000FA6
__end_of_digitalWrite    text40       000B22
__end_of_explosion       text13       000CD0
__end_of_kpDebounce      text36       001238
__end_of_kpInit          text10       001C5E
__end_of_kpRead          text35       001DFC
__end_of_kpReadKey       text34       00174A
__end_of_lcdChar         text28       001D94
__end_of_lcdCommand      text29       001DB2
__end_of_lcdInit         text8        00158E
__end_of_lcdString       text27       001B20
__end_of_main            text0        001416
__end_of_pinMode         text12       0008D4
__end_of_pulseEnablePin  text31       001BB0
__end_of_pushByte        text30       001A1C
__end_of_pushNibble      text9        001D08
__end_of_pwmFrequency    text19       001D54
__end_of_pwmInit         text7        001DCC
__end_of_pwmSet          text16       00182A
__end_of_rgbInit         text6        001BEE
__end_of_setPassword     text5        0016D2
__end_of_soInit          text11       001C2C
__end_of_soWrite         text37       001B6E
__end_of_ssdDigit        text15       001A74
__end_of_ssdInit         text4        001ACA
__end_of_ssdUpdate       text14       000E3C
__end_of_timerInit       text3        001E04
__end_of_timerReset      text2        001D76
__end_of_timerWait       text1        001DF2
__end_of_turnOff         text26       0018FA
__end_of_turnOn          text25       001892
__end_of_valor           smallconst   000612
__initialization         cinit        001DCC
__mediumconst            mediumconst  000000
__pbssCOMRAM             bssCOMRAM    000001
__pcinit                 cinit        001DCC
__pcstackCOMRAM          cstackCOMRAM 00001F
__psmallconst            smallconst   000600
__ptext0                 text0        001344
__ptext1                 text1        001DE2
__ptext10                text10       001C2C
__ptext11                text11       001BEE
__ptext12                text12       000686
__ptext13                text13       000B22
__ptext14                text14       000CD0
__ptext15                text15       001A1C
__ptext16                text16       0017BE
__ptext17                text17       001D08
__ptext18                text18       00174A
__ptext19                text19       001D2E
__ptext2                 text2        001D54
__ptext20                text20       001238
__ptext21                text21       0018FA
__ptext22                text22       00158E
__ptext23                text23       001416
__ptext24                text24       000FA6
__ptext25                text25       00182A
__ptext26                text26       001892
__ptext27                text27       001ACA
__ptext28                text28       001D76
__ptext29                text29       001D94
__ptext3                 text3        001DFC
__ptext30                text30       0019C2
__ptext31                text31       001B6E
__ptext32                text32       001E04
__ptext33                text33       001C5E
__ptext34                text34       0016D2
__ptext35                text35       001DF2
__ptext36                text36       001102
__ptext37                text37       001B20
__ptext38                text38       001C8E
__ptext39                text39       001CB8
__ptext4                 text4        001A74
__ptext40                text40       0008D4
__ptext41                text41       000E3C
__ptext42                text42       00195E
__ptext5                 text5        00163E
__ptext6                 text6        001BB0
__ptext7                 text7        001DB2
__ptext8                 text8        0014DA
__ptext9                 text9        001CE2
__ramtop                 ramtop       000600
__size_of_PulseClockData (abs)        000000
__size_of_PulseEnClock   (abs)        000000
__size_of___aldiv        (abs)        000000
__size_of___awdiv        (abs)        000000
__size_of___awmod        (abs)        000000
__size_of___lwdiv        (abs)        000000
__size_of___lwmod        (abs)        000000
__size_of___wmul         (abs)        000000
__size_of_atraso_ms      (abs)        000000
__size_of_checkPassword  (abs)        000000
__size_of_delayMicro     (abs)        000000
__size_of_delayMili      (abs)        000000
__size_of_digitalRead    (abs)        000000
__size_of_digitalWrite   (abs)        000000
__size_of_explosion      (abs)        000000
__size_of_kpDebounce     (abs)        000000
__size_of_kpInit         (abs)        000000
__size_of_kpRead         (abs)        000000
__size_of_kpReadKey      (abs)        000000
__size_of_lcdChar        (abs)        000000
__size_of_lcdCommand     (abs)        000000
__size_of_lcdInit        (abs)        000000
__size_of_lcdString      (abs)        000000
__size_of_main           (abs)        000000
__size_of_pinMode        (abs)        000000
__size_of_pulseEnablePin (abs)        000000
__size_of_pushByte       (abs)        000000
__size_of_pushNibble     (abs)        000000
__size_of_pwmFrequency   (abs)        000000
__size_of_pwmInit        (abs)        000000
__size_of_pwmSet         (abs)        000000
__size_of_rgbInit        (abs)        000000
__size_of_setPassword    (abs)        000000
__size_of_soInit         (abs)        000000
__size_of_soWrite        (abs)        000000
__size_of_ssdDigit       (abs)        000000
__size_of_ssdInit        (abs)        000000
__size_of_ssdUpdate      (abs)        000000
__size_of_timerInit      (abs)        000000
__size_of_timerReset     (abs)        000000
__size_of_timerWait      (abs)        000000
__size_of_turnOff        (abs)        000000
__size_of_turnOn         (abs)        000000
__smallconst             smallconst   000600
_atraso_ms               text42       00195E
_charKey                 smallconst   000612
_checkPassword           text24       000FA6
_delayMicro              text32       001E04
_delayMili               text33       001C5E
_digitalRead             text41       000E3C
_digitalWrite            text40       0008D4
_display                 bssCOMRAM    00001C
_explosion               text13       000B22
_input                   bssCOMRAM    000001
_keys                    bssCOMRAM    000015
_kpDebounce              text36       001102
_kpInit                  text10       001C2C
_kpRead                  text35       001DF2
_kpReadKey               text34       0016D2
_lcdChar                 text28       001D76
_lcdCommand              text29       001D94
_lcdInit                 text8        0014DA
_lcdString               text27       001ACA
_main                    text0        001344
_password                bssCOMRAM    000009
_pinMode                 text12       000686
_pulseEnablePin          text31       001B6E
_pushByte                text30       0019C2
_pushNibble              text9        001CE2
_pwmFrequency            text19       001D2E
_pwmInit                 text7        001DB2
_pwmSet                  text16       0017BE
_rgbInit                 text6        001BB0
_setPassword             text5        00163E
_soInit                  text11       001BEE
_soWrite                 text37       001B20
_ssdDigit                text15       001A1C
_ssdInit                 text4        001A74
_ssdUpdate               text14       000CD0
_started                 bssCOMRAM    00001E
_timerInit               text3        001DFC
_timerReset              text2        001D54
_timerWait               text1        001DE2
_try                     bssCOMRAM    000017
_turnOff                 text26       001892
_turnOn                  text25       00182A
_v0                      bssCOMRAM    00001B
_v1                      bssCOMRAM    00001A
_v2                      bssCOMRAM    000019
_v3                      bssCOMRAM    000018
_valor                   smallconst   000601
atraso_ms@i              cstackCOMRAM 000021
atraso_ms@j              cstackCOMRAM 000023
atraso_ms@k              cstackCOMRAM 000024
atraso_ms@num            cstackCOMRAM 00001F
checkPassword@correct    cstackCOMRAM 000037
checkPassword@i          cstackCOMRAM 000039
checkPassword@newkey     cstackCOMRAM 000035
delayMicro@a             cstackCOMRAM 00001F
delayMili@a              cstackCOMRAM 00001F
delayMili@i              cstackCOMRAM 000022
digitalRead@pin          cstackCOMRAM 00001F
digitalWrite@pin         cstackCOMRAM 00001F
digitalWrite@value       cstackCOMRAM 000021
end_of_initialization    cinit        001DD8
explosion@cont           cstackCOMRAM 000033
explosion@i              cstackCOMRAM 000035
intlevel0                text         000000
intlevel1                text         000000
intlevel2                text         000000
intlevel3                text         000000
isa$std                  (abs)        000001
isa$xinst                (abs)        000000
kpDebounce@i             cstackCOMRAM 00002B
kpDebounce@newRead       bssCOMRAM    000013
kpDebounce@oldRead       bssCOMRAM    000011
kpDebounce@tempo         bssCOMRAM    00001D
kpReadKey@i              cstackCOMRAM 000022
lcdChar@value            cstackCOMRAM 00002C
lcdCommand@value         cstackCOMRAM 00002C
lcdString@i              cstackCOMRAM 000031
lcdString@msg            cstackCOMRAM 00002D
main@slot                cstackCOMRAM 00003C
pinMode@pin              cstackCOMRAM 00001F
pinMode@type             cstackCOMRAM 000021
pushByte@rs              cstackCOMRAM 000028
pushByte@value           cstackCOMRAM 00002B
pushNibble@rs            cstackCOMRAM 000028
pushNibble@value         cstackCOMRAM 00002A
pwmFrequency@freq        cstackCOMRAM 00002D
pwmSet@porcento          cstackCOMRAM 000028
pwmSet@val               cstackCOMRAM 000029
setPassword@i            cstackCOMRAM 00002F
setPassword@key          cstackCOMRAM 00002D
soWrite@i                cstackCOMRAM 000027
soWrite@value            cstackCOMRAM 000025
ssdDigit@pos             cstackCOMRAM 00002D
ssdDigit@val             cstackCOMRAM 00002E
stackhi                  (abs)        0005FF
stacklo                  (abs)        000080
start                    init         000000
start_initialization     cinit        001DCC
timerReset@ciclos        cstackCOMRAM 000021
timerReset@tempo         cstackCOMRAM 00001F
turnOff@led              cstackCOMRAM 000025
turnOn@led               cstackCOMRAM 000025


MODULE INFORMATION

Module		Function		Class		Link	Load	Size
ssd.c
		_ssdInit       		CODE           	1A74	0000	86
		_ssdDigit      		CODE           	1A1C	0000	88
		_ssdUpdate     		CODE           	0CD0	0000	364

ssd.c estimated size: 538

C:\Program Files\Microchip\xc8\v2.32\pic\sources\c99\common\awdiv.c
		___awdiv       		CODE           	1416	0000	196

C:\Program Files\Microchip\xc8\v2.32\pic\sources\c99\common\awdiv.c estimated size: 196

C:\Program Files\Microchip\xc8\v2.32\pic\sources\c99\common\aldiv.c
		___aldiv       		CODE           	1238	0000	268

C:\Program Files\Microchip\xc8\v2.32\pic\sources\c99\common\aldiv.c estimated size: 268

keypad.c
		_kpInit        		CODE           	1C2C	0000	50
		_kpReadKey     		CODE           	16D2	0000	120
		_kpDebounce    		CODE           	1102	0000	310
		_kpRead        		CODE           	1DF2	0000	10

keypad.c estimated size: 490

so.c
		_soInit        		CODE           	1BEE	0000	62
		_soWrite       		CODE           	1B20	0000	78
		_PulseEnClock  		CODE           	1C8E	0000	42
		_PulseClockData		CODE           	1CB8	0000	42

so.c estimated size: 224

io.c
		_digitalRead   		CODE           	0E3C	0000	362
		_digitalWrite  		CODE           	08D4	0000	590
		_pinMode       		CODE           	0686	0000	590

io.c estimated size: 1542

timer.c
		_timerWait     		CODE           	1DE2	0000	16
		_timerReset    		CODE           	1D54	0000	34
		_timerInit     		CODE           	1DFC	0000	8

timer.c estimated size: 58

pwm.c
		_pwmInit       		CODE           	1DB2	0000	26
		_pwmFrequency  		CODE           	1D2E	0000	38
		_pwmSet        		CODE           	17BE	0000	108

pwm.c estimated size: 172

C:\Program Files\Microchip\xc8\v2.32\pic\sources\c99\common\lwmod.c
		___lwmod       		CODE           	18FA	0000	100

C:\Program Files\Microchip\xc8\v2.32\pic\sources\c99\common\lwmod.c estimated size: 100

C:\Program Files\Microchip\xc8\v2.32\pic\sources\c99\common\Umul16.c
		___wmul        		CODE           	1D08	0000	38

C:\Program Files\Microchip\xc8\v2.32\pic\sources\c99\common\Umul16.c estimated size: 38

atraso.c
		_atraso_ms     		CODE           	195E	0000	100

atraso.c estimated size: 100

rgb.c
		_turnOff       		CODE           	1892	0000	104
		_turnOn        		CODE           	182A	0000	104
		_rgbInit       		CODE           	1BB0	0000	62

rgb.c estimated size: 270

shared
		_valor         		SMALLCONST     	0601	0000	17
		_charKey       		SMALLCONST     	0612	0000	10
		__initialization		CODE           	1DCC	0000	12

shared estimated size: 39

C:\Program Files\Microchip\xc8\v2.32\pic\sources\c99\common\awmod.c
		___awmod       		CODE           	158E	0000	176

C:\Program Files\Microchip\xc8\v2.32\pic\sources\c99\common\awmod.c estimated size: 176

C:\Program Files\Microchip\xc8\v2.32\pic\sources\c99\common\lwdiv.c
		___lwdiv       		CODE           	174A	0000	116

C:\Program Files\Microchip\xc8\v2.32\pic\sources\c99\common\lwdiv.c estimated size: 116

lcd.c
		_lcdCommand    		CODE           	1D94	0000	30
		_lcdChar       		CODE           	1D76	0000	30
		_lcdString     		CODE           	1ACA	0000	86
		_pulseEnablePin		CODE           	1B6E	0000	66
		_pushByte      		CODE           	19C2	0000	90
		_pushNibble    		CODE           	1CE2	0000	38
		_lcdInit       		CODE           	14DA	0000	180
		_delayMili     		CODE           	1C5E	0000	48
		_delayMicro    		CODE           	1E04	0000	2

lcd.c estimated size: 570

main.c
		_checkPassword 		CODE           	0FA6	0000	348
		_main          		CODE           	1344	0000	210
		_explosion     		CODE           	0B22	0000	430
		_setPassword   		CODE           	163E	0000	148

main.c estimated size: 1136

